// 重构日志: 3a6c54a4
// 重构日志: 84708855
// 重构日志: 231a90b1
// 同步 ID: 9586eca8 @ Sun Jul 19 09:12:22 UTC 2026
// 同步 ID: 249b7b3f @ Sun Jul 19 13:02:20 UTC 2026
// 重构日志: 951ea030
// 重构日志: e03fd8b5
// 同步 ID: 7737debd @ Tue Jul 21 07:48:18 UTC 2026
// 重构日志: c6f35ada
// 同步 ID: 57cf081a @ Tue Jul 21 18:16:26 UTC 2026
// 同步 ID: ee15aecf @ Tue Jul 21 22:20:41 UTC 2026
// 重构日志: 1ebc5a0b
// 重构日志: 0a491ab3
// 重构日志: 88ee30f5
// 重构日志: e2aa619a
// 重构日志: e133e4bc
// 重构日志: 99114a3b
// 重构日志: 22ca437f
// 同步 ID: 3ca29814 @ Thu Jul 30 05:18:00 UTC 2026
// 重构日志: 60ece207
// 重构日志: 56887bd6
// 同步 ID: b35ea65e @ Sat Aug  1 10:16:11 UTC 2026
// 同步 ID: b37835a7 @ Sat Aug  1 19:16:38 UTC 2026
// 同步 ID: 816eef57 @ Sat Aug  1 20:27:40 UTC 2026
// 同步 ID: 77476cb5 @ Sun Aug  2 08:19:00 UTC 2026
// 同步 ID: fd54eb3c @ Sun Aug  2 18:01:24 UTC 2026
// 重构日志: b99f015d
// 重构日志: 62ec06a6
// 重构日志: b3250667
// 同步 ID: 27543138 @ Thu Aug  6 10:10:24 UTC 2026
